=== C01 spike A (persistence) ===
date:  2026-09-14T11:54:11+02:00
java:  openjdk version "21.0.12.1" 2026-08-18 LTS

Starting PostgreSQL (podman) as park-db on port 55432
Waiting for the database to accept connections.. - ready

[INFO] Scanning for projects...
[INFO] 
[INFO] ----------------------< cz.swi:park-reservation >-----------------------
[INFO] Building park-reservation 0.1.0-SNAPSHOT
[INFO]   from pom.xml
[INFO] --------------------------------[ jar ]---------------------------------
[INFO] 
[INFO] --- resources:3.3.1:resources (default-resources) @ park-reservation ---
[INFO] Copying 1 resource from src/main/resources to target/classes
[INFO] Copying 2 resources from src/main/resources to target/classes
[INFO] 
[INFO] --- compiler:3.14.1:compile (default-compile) @ park-reservation ---
[INFO] Nothing to compile - all classes are up to date.
[INFO] 
[INFO] --- resources:3.3.1:testResources (default-testResources) @ park-reservation ---
[INFO] skip non existing resourceDirectory /home/raxius/Documents/SWI_Project/src/test/resources
[INFO] 
[INFO] --- compiler:3.14.1:testCompile (default-testCompile) @ park-reservation ---
[INFO] Recompiling the module because of changed source code.
[INFO] Compiling 5 source files with javac [debug parameters release 21] to target/test-classes
[INFO] 
[INFO] --- surefire:3.5.6:test (default-test) @ park-reservation ---
[INFO] Using auto detected provider org.apache.maven.surefire.junitplatform.JUnitPlatformProvider
[INFO] 
[INFO] -------------------------------------------------------
[INFO]  T E S T S
[INFO] -------------------------------------------------------
[INFO] Running C01 spike A: reservation -> real PostgreSQL -> read back
11:54:20.706 [main] INFO org.springframework.test.context.support.AnnotationConfigContextLoaderUtils -- Could not detect default configuration classes for test class [cz.swi.parking.spike.ReservationPersistenceSpikeIT]: ReservationPersistenceSpikeIT does not declare any static, non-private, non-final, nested classes annotated with @Configuration.
11:54:20.888 [main] INFO org.springframework.boot.test.context.SpringBootTestContextBootstrapper -- Found @SpringBootConfiguration cz.swi.parking.ParkReservationApplication for test class cz.swi.parking.spike.ReservationPersistenceSpikeIT

  .   ____          _            __ _ _
 /\\ / ___'_ __ _ _(_)_ __  __ _ \ \ \ \
( ( )\___ | '_ | '_| | '_ \/ _` | \ \ \ \
 \\/  ___)| |_)| | | | | || (_| |  ) ) ) )
  '  |____| .__|_| |_|_| |_\__, | / / / /
 =========|_|==============|___/=/_/_/_/

 :: Spring Boot ::               (v3.5.16)

2026-09-14T11:54:21.587+02:00  INFO 15292 --- [park-reservation] [           main] c.s.p.s.ReservationPersistenceSpikeIT    : Starting ReservationPersistenceSpikeIT using Java 21.0.12.1 with PID 15292 (started by raxius in /home/raxius/Documents/SWI_Project)
2026-09-14T11:54:21.589+02:00  INFO 15292 --- [park-reservation] [           main] c.s.p.s.ReservationPersistenceSpikeIT    : No active profile set, falling back to 1 default profile: "default"
2026-09-14T11:54:22.445+02:00  INFO 15292 --- [park-reservation] [           main] .s.d.r.c.RepositoryConfigurationDelegate : Bootstrapping Spring Data JPA repositories in DEFAULT mode.
2026-09-14T11:54:22.526+02:00  INFO 15292 --- [park-reservation] [           main] .s.d.r.c.RepositoryConfigurationDelegate : Finished Spring Data repository scanning in 65 ms. Found 3 JPA repository interfaces.
2026-09-14T11:54:23.342+02:00  INFO 15292 --- [park-reservation] [           main] com.zaxxer.hikari.HikariDataSource       : HikariPool-1 - Starting...
2026-09-14T11:54:23.588+02:00  INFO 15292 --- [park-reservation] [           main] com.zaxxer.hikari.pool.HikariPool        : HikariPool-1 - Added connection org.postgresql.jdbc.PgConnection@65600fb3
2026-09-14T11:54:23.590+02:00  INFO 15292 --- [park-reservation] [           main] com.zaxxer.hikari.HikariDataSource       : HikariPool-1 - Start completed.
2026-09-14T11:54:23.634+02:00  INFO 15292 --- [park-reservation] [           main] org.flywaydb.core.FlywayExecutor         : Database: jdbc:postgresql://localhost:55432/parkdb (PostgreSQL 16.15)
2026-09-14T11:54:23.688+02:00  INFO 15292 --- [park-reservation] [           main] o.f.c.i.s.JdbcTableSchemaHistory         : Schema history table "public"."flyway_schema_history" does not exist yet
2026-09-14T11:54:23.694+02:00  INFO 15292 --- [park-reservation] [           main] o.f.core.internal.command.DbValidate     : Successfully validated 2 migrations (execution time 00:00.024s)
2026-09-14T11:54:23.720+02:00  INFO 15292 --- [park-reservation] [           main] o.f.c.i.s.JdbcTableSchemaHistory         : Creating Schema History table "public"."flyway_schema_history" ...
2026-09-14T11:54:23.814+02:00  INFO 15292 --- [park-reservation] [           main] o.f.core.internal.command.DbMigrate      : Current version of schema "public": << Empty Schema >>
2026-09-14T11:54:23.832+02:00  INFO 15292 --- [park-reservation] [           main] o.f.core.internal.command.DbMigrate      : Migrating schema "public" to version "1 - init schema"
2026-09-14T11:54:23.914+02:00  INFO 15292 --- [park-reservation] [           main] o.f.core.internal.command.DbMigrate      : Migrating schema "public" to version "2 - seed demo data"
2026-09-14T11:54:23.939+02:00  INFO 15292 --- [park-reservation] [           main] o.f.core.internal.command.DbMigrate      : Successfully applied 2 migrations to schema "public", now at version v2 (execution time 00:00.063s)
2026-09-14T11:54:24.061+02:00  INFO 15292 --- [park-reservation] [           main] o.hibernate.jpa.internal.util.LogHelper  : HHH000204: Processing PersistenceUnitInfo [name: default]
2026-09-14T11:54:24.121+02:00  INFO 15292 --- [park-reservation] [           main] org.hibernate.Version                    : HHH000412: Hibernate ORM core version 6.6.53.Final
2026-09-14T11:54:24.161+02:00  INFO 15292 --- [park-reservation] [           main] o.h.c.internal.RegionFactoryInitiator    : HHH000026: Second-level cache disabled
2026-09-14T11:54:24.488+02:00  INFO 15292 --- [park-reservation] [           main] o.s.o.j.p.SpringPersistenceUnitInfo      : No LoadTimeWeaver setup: ignoring JPA class transformer
2026-09-14T11:54:24.582+02:00  INFO 15292 --- [park-reservation] [           main] org.hibernate.orm.connections.pooling    : HHH10001005: Database info:
	Database JDBC URL [Connecting through datasource 'HikariDataSource (HikariPool-1)']
	Database driver: undefined/unknown
	Database version: 16.15
	Autocommit mode: undefined/unknown
	Isolation level: undefined/unknown
	Minimum pool size: undefined/unknown
	Maximum pool size: undefined/unknown
2026-09-14T11:54:25.646+02:00  INFO 15292 --- [park-reservation] [           main] o.h.e.t.j.p.i.JtaPlatformInitiator       : HHH000489: No JTA platform available (set 'hibernate.transaction.jta.platform' to enable JTA platform integration)
2026-09-14T11:54:25.693+02:00  INFO 15292 --- [park-reservation] [           main] j.LocalContainerEntityManagerFactoryBean : Initialized JPA EntityManagerFactory for persistence unit 'default'
2026-09-14T11:54:25.978+02:00  INFO 15292 --- [park-reservation] [           main] o.s.d.j.r.query.QueryEnhancerFactory     : Hibernate is in classpath; If applicable, HQL parser will be used.
2026-09-14T11:54:27.599+02:00  INFO 15292 --- [park-reservation] [           main] c.s.p.s.ReservationPersistenceSpikeIT    : Started ReservationPersistenceSpikeIT in 6.508 seconds (process running for 7.858)
Mockito is currently self-attaching to enable the inline-mock-maker. This will no longer work in future releases of the JDK. Please add Mockito as an agent to your build as described in Mockito's documentation: https://javadoc.io/doc/org.mockito/mockito-core/latest/org.mockito/org/mockito/Mockito.html#0.3
OpenJDK 64-Bit Server VM warning: Sharing is only supported for boot loader classes because bootstrap classpath has been appended
WARNING: A Java agent has been loaded dynamically (/home/raxius/.m2/repository/net/bytebuddy/byte-buddy-agent/1.17.8/byte-buddy-agent-1.17.8.jar)
WARNING: If a serviceability tool is in use, please run with -XX:+EnableDynamicAgentLoading to hide this warning
WARNING: If a serviceability tool is not in use, please run with -Djdk.instrument.traceUsage for more information
WARNING: Dynamic loading of agents will be disallowed by default in a future release
2026-09-14T11:54:28.384+02:00  INFO 15292 --- [park-reservation] [           main] c.s.p.n.LoggingNotificationService       : NOTIFY ReservationNotification[event=RESERVATION_CONFIRMED, reservationId=2bf7a60d-0460-4b10-84db-1a4bd54506ed, recipientEmail=driver@example.edu, spotCode=SPIKE-191ad3f7, vehiclePlate=2EV 1111, startsAt=2026-09-14T13:54:28.279717Z, endsAt=2026-09-14T14:54:28.279717Z]
[SPIKE] state change persisted: id=2bf7a60d-0460-4b10-84db-1a4bd54506ed status=CONFIRMED
2026-09-14T11:54:28.462+02:00  INFO 15292 --- [park-reservation] [           main] c.s.p.n.LoggingNotificationService       : NOTIFY ReservationNotification[event=RESERVATION_CONFIRMED, reservationId=dfeb4bfb-a696-45fc-8771-cda945b5ea1f, recipientEmail=driver@example.edu, spotCode=SPIKE-f38a5c7b, vehiclePlate=1AB 2345, startsAt=2026-09-14T15:54:28.441090Z, endsAt=2026-09-14T17:54:28.441090Z]
2026-09-14T11:54:28.513+02:00  INFO 15292 --- [park-reservation] [           main] c.s.p.n.LoggingNotificationService       : NOTIFY ReservationNotification[event=RESERVATION_CONFIRMED, reservationId=b02e839d-3fcf-40ba-9fe4-e32a4a64b6cd, recipientEmail=driver@example.edu, spotCode=SPIKE-f38a5c7b, vehiclePlate=1AB 2345, startsAt=2026-09-14T17:54:28.441090Z, endsAt=2026-09-14T19:54:28.441090Z]
[SPIKE] sequential overlap rule OK on spot SPIKE-f38a5c7b: 3 reservations, 2 confirmed, 1 rejected
2026-09-14T11:54:28.601+02:00  INFO 15292 --- [park-reservation] [pool-3-thread-2] c.s.p.n.LoggingNotificationService       : NOTIFY ReservationNotification[event=RESERVATION_CONFIRMED, reservationId=803faa10-0006-41fb-93a3-81a0f40e9fb7, recipientEmail=driver@example.edu, spotCode=SPIKE-19564b5e, vehiclePlate=1AB 2345, startsAt=2026-09-14T20:24:28.572676Z, endsAt=2026-09-14T22:54:28.572676Z]
2026-09-14T11:54:28.607+02:00  INFO 15292 --- [park-reservation] [pool-3-thread-1] c.s.p.n.LoggingNotificationService       : NOTIFY ReservationNotification[event=RESERVATION_CONFIRMED, reservationId=b40f69d8-c17a-43de-a41c-02da135e1b58, recipientEmail=driver@example.edu, spotCode=SPIKE-19564b5e, vehiclePlate=1AB 2345, startsAt=2026-09-14T19:54:28.572676Z, endsAt=2026-09-14T21:54:28.572676Z]
[SPIKE] concurrent confirms on spot SPIKE-19564b5e: accepted=2 rejected=0 -> OVERLAPPING CONFIRMED ROWS IN DB = 2 (1 = rule held, 2 = double booking)
[SPIKE] round trip OK: id=6ac6cee4-bee2-457e-8495-962c3a204432 status=DRAFT spot=SPIKE-107b4b6e version=0
[INFO] Tests run: 4, Failures: 0, Errors: 0, Skipped: 0, Time elapsed: 8.204 s -- in C01 spike A: reservation -> real PostgreSQL -> read back
[INFO] 
[INFO] Results:
[INFO] 
[INFO] Tests run: 4, Failures: 0, Errors: 0, Skipped: 0
[INFO] 
[INFO] ------------------------------------------------------------------------
[INFO] BUILD SUCCESS
[INFO] ------------------------------------------------------------------------
[INFO] Total time:  12.928 s
[INFO] Finished at: 2026-09-14T11:54:28+02:00
[INFO] ------------------------------------------------------------------------
