=== C01 spike A (persistence) ===
date:  2026-09-14T12:01:41+02:00
java:  openjdk version "21.0.12.1" 2026-08-18 LTS

Starting PostgreSQL (podman) as park-db on port 55432
Waiting for the database to accept connections.. - ready

[INFO] Scanning for projects...
[INFO] 
[INFO] ----------------------< cz.swi:park-reservation >-----------------------
[INFO] Building park-reservation 0.1.0-SNAPSHOT
[INFO]   from pom.xml
[INFO] --------------------------------[ jar ]---------------------------------
[INFO] 
[INFO] --- resources:3.3.1:resources (default-resources) @ park-reservation ---
[INFO] Copying 1 resource from src/main/resources to target/classes
[INFO] Copying 2 resources from src/main/resources to target/classes
[INFO] 
[INFO] --- compiler:3.14.1:compile (default-compile) @ park-reservation ---
[INFO] Nothing to compile - all classes are up to date.
[INFO] 
[INFO] --- resources:3.3.1:testResources (default-testResources) @ park-reservation ---
[INFO] skip non existing resourceDirectory /home/raxius/Documents/SWI_Project/src/test/resources
[INFO] 
[INFO] --- compiler:3.14.1:testCompile (default-testCompile) @ park-reservation ---
[INFO] Nothing to compile - all classes are up to date.
[INFO] 
[INFO] --- surefire:3.5.6:test (default-test) @ park-reservation ---
[INFO] Using auto detected provider org.apache.maven.surefire.junitplatform.JUnitPlatformProvider
[INFO] 
[INFO] -------------------------------------------------------
[INFO]  T E S T S
[INFO] -------------------------------------------------------
[INFO] Running C01 spike A: reservation -> real PostgreSQL -> read back
12:01:48.209 [main] INFO org.springframework.test.context.support.AnnotationConfigContextLoaderUtils -- Could not detect default configuration classes for test class [cz.swi.parking.spike.ReservationPersistenceSpikeIT]: ReservationPersistenceSpikeIT does not declare any static, non-private, non-final, nested classes annotated with @Configuration.
12:01:48.362 [main] INFO org.springframework.boot.test.context.SpringBootTestContextBootstrapper -- Found @SpringBootConfiguration cz.swi.parking.ParkReservationApplication for test class cz.swi.parking.spike.ReservationPersistenceSpikeIT

  .   ____          _            __ _ _
 /\\ / ___'_ __ _ _(_)_ __  __ _ \ \ \ \
( ( )\___ | '_ | '_| | '_ \/ _` | \ \ \ \
 \\/  ___)| |_)| | | | | || (_| |  ) ) ) )
  '  |____| .__|_| |_|_| |_\__, | / / / /
 =========|_|==============|___/=/_/_/_/

 :: Spring Boot ::               (v3.5.16)

2026-09-14T12:01:49.020+02:00  INFO 19954 --- [park-reservation] [           main] c.s.p.s.ReservationPersistenceSpikeIT    : Starting ReservationPersistenceSpikeIT using Java 21.0.12.1 with PID 19954 (started by raxius in /home/raxius/Documents/SWI_Project)
2026-09-14T12:01:49.022+02:00  INFO 19954 --- [park-reservation] [           main] c.s.p.s.ReservationPersistenceSpikeIT    : No active profile set, falling back to 1 default profile: "default"
2026-09-14T12:01:49.816+02:00  INFO 19954 --- [park-reservation] [           main] .s.d.r.c.RepositoryConfigurationDelegate : Bootstrapping Spring Data JPA repositories in DEFAULT mode.
2026-09-14T12:01:49.888+02:00  INFO 19954 --- [park-reservation] [           main] .s.d.r.c.RepositoryConfigurationDelegate : Finished Spring Data repository scanning in 60 ms. Found 3 JPA repository interfaces.
2026-09-14T12:01:50.613+02:00  INFO 19954 --- [park-reservation] [           main] com.zaxxer.hikari.HikariDataSource       : HikariPool-1 - Starting...
2026-09-14T12:01:50.863+02:00  INFO 19954 --- [park-reservation] [           main] com.zaxxer.hikari.pool.HikariPool        : HikariPool-1 - Added connection org.postgresql.jdbc.PgConnection@73e1ecd0
2026-09-14T12:01:50.865+02:00  INFO 19954 --- [park-reservation] [           main] com.zaxxer.hikari.HikariDataSource       : HikariPool-1 - Start completed.
2026-09-14T12:01:50.903+02:00  INFO 19954 --- [park-reservation] [           main] org.flywaydb.core.FlywayExecutor         : Database: jdbc:postgresql://localhost:55432/parkdb (PostgreSQL 16.15)
2026-09-14T12:01:50.954+02:00  INFO 19954 --- [park-reservation] [           main] o.f.c.i.s.JdbcTableSchemaHistory         : Schema history table "public"."flyway_schema_history" does not exist yet
2026-09-14T12:01:50.959+02:00  INFO 19954 --- [park-reservation] [           main] o.f.core.internal.command.DbValidate     : Successfully validated 2 migrations (execution time 00:00.021s)
2026-09-14T12:01:50.980+02:00  INFO 19954 --- [park-reservation] [           main] o.f.c.i.s.JdbcTableSchemaHistory         : Creating Schema History table "public"."flyway_schema_history" ...
2026-09-14T12:01:51.053+02:00  INFO 19954 --- [park-reservation] [           main] o.f.core.internal.command.DbMigrate      : Current version of schema "public": << Empty Schema >>
2026-09-14T12:01:51.069+02:00  INFO 19954 --- [park-reservation] [           main] o.f.core.internal.command.DbMigrate      : Migrating schema "public" to version "1 - init schema"
2026-09-14T12:01:51.141+02:00  INFO 19954 --- [park-reservation] [           main] o.f.core.internal.command.DbMigrate      : Migrating schema "public" to version "2 - seed demo data"
2026-09-14T12:01:51.165+02:00  INFO 19954 --- [park-reservation] [           main] o.f.core.internal.command.DbMigrate      : Successfully applied 2 migrations to schema "public", now at version v2 (execution time 00:00.050s)
2026-09-14T12:01:51.275+02:00  INFO 19954 --- [park-reservation] [           main] o.hibernate.jpa.internal.util.LogHelper  : HHH000204: Processing PersistenceUnitInfo [name: default]
2026-09-14T12:01:51.328+02:00  INFO 19954 --- [park-reservation] [           main] org.hibernate.Version                    : HHH000412: Hibernate ORM core version 6.6.53.Final
2026-09-14T12:01:51.366+02:00  INFO 19954 --- [park-reservation] [           main] o.h.c.internal.RegionFactoryInitiator    : HHH000026: Second-level cache disabled
2026-09-14T12:01:51.660+02:00  INFO 19954 --- [park-reservation] [           main] o.s.o.j.p.SpringPersistenceUnitInfo      : No LoadTimeWeaver setup: ignoring JPA class transformer
2026-09-14T12:01:51.755+02:00  INFO 19954 --- [park-reservation] [           main] org.hibernate.orm.connections.pooling    : HHH10001005: Database info:
	Database JDBC URL [Connecting through datasource 'HikariDataSource (HikariPool-1)']
	Database driver: undefined/unknown
	Database version: 16.15
	Autocommit mode: undefined/unknown
	Isolation level: undefined/unknown
	Minimum pool size: undefined/unknown
	Maximum pool size: undefined/unknown
2026-09-14T12:01:52.784+02:00  INFO 19954 --- [park-reservation] [           main] o.h.e.t.j.p.i.JtaPlatformInitiator       : HHH000489: No JTA platform available (set 'hibernate.transaction.jta.platform' to enable JTA platform integration)
2026-09-14T12:01:52.830+02:00  INFO 19954 --- [park-reservation] [           main] j.LocalContainerEntityManagerFactoryBean : Initialized JPA EntityManagerFactory for persistence unit 'default'
2026-09-14T12:01:53.092+02:00  INFO 19954 --- [park-reservation] [           main] o.s.d.j.r.query.QueryEnhancerFactory     : Hibernate is in classpath; If applicable, HQL parser will be used.
2026-09-14T12:01:54.686+02:00  INFO 19954 --- [park-reservation] [           main] c.s.p.s.ReservationPersistenceSpikeIT    : Started ReservationPersistenceSpikeIT in 6.144 seconds (process running for 7.341)
Mockito is currently self-attaching to enable the inline-mock-maker. This will no longer work in future releases of the JDK. Please add Mockito as an agent to your build as described in Mockito's documentation: https://javadoc.io/doc/org.mockito/mockito-core/latest/org.mockito/org/mockito/Mockito.html#0.3
OpenJDK 64-Bit Server VM warning: Sharing is only supported for boot loader classes because bootstrap classpath has been appended
WARNING: A Java agent has been loaded dynamically (/home/raxius/.m2/repository/net/bytebuddy/byte-buddy-agent/1.17.8/byte-buddy-agent-1.17.8.jar)
WARNING: If a serviceability tool is in use, please run with -XX:+EnableDynamicAgentLoading to hide this warning
WARNING: If a serviceability tool is not in use, please run with -Djdk.instrument.traceUsage for more information
WARNING: Dynamic loading of agents will be disallowed by default in a future release
2026-09-14T12:01:55.494+02:00  INFO 19954 --- [park-reservation] [           main] c.s.p.n.LoggingNotificationService       : NOTIFY ReservationNotification[event=RESERVATION_CONFIRMED, reservationId=c7c306a7-fb9d-4296-a6bc-d173f20661bb, recipientEmail=driver@example.edu, spotCode=SPIKE-e8d36a85, vehiclePlate=2EV 1111, startsAt=2026-09-14T14:01:55.380328Z, endsAt=2026-09-14T15:01:55.380328Z]
[SPIKE] state change persisted: id=c7c306a7-fb9d-4296-a6bc-d173f20661bb status=CONFIRMED
2026-09-14T12:01:55.580+02:00  INFO 19954 --- [park-reservation] [           main] c.s.p.n.LoggingNotificationService       : NOTIFY ReservationNotification[event=RESERVATION_CONFIRMED, reservationId=932b54c3-f76d-45d3-afe5-5dad92e60c47, recipientEmail=driver@example.edu, spotCode=SPIKE-b6e35ae3, vehiclePlate=1AB 2345, startsAt=2026-09-14T16:01:55.559128Z, endsAt=2026-09-14T18:01:55.559128Z]
2026-09-14T12:01:55.627+02:00  INFO 19954 --- [park-reservation] [           main] c.s.p.n.LoggingNotificationService       : NOTIFY ReservationNotification[event=RESERVATION_CONFIRMED, reservationId=20a1d9f5-9751-461e-b3ca-4f2d982c15c3, recipientEmail=driver@example.edu, spotCode=SPIKE-b6e35ae3, vehiclePlate=1AB 2345, startsAt=2026-09-14T18:01:55.559128Z, endsAt=2026-09-14T20:01:55.559128Z]
[SPIKE] sequential overlap rule OK on spot SPIKE-b6e35ae3: 3 reservations, 2 confirmed, 1 rejected
2026-09-14T12:01:55.717+02:00  INFO 19954 --- [park-reservation] [pool-3-thread-1] c.s.p.n.LoggingNotificationService       : NOTIFY ReservationNotification[event=RESERVATION_CONFIRMED, reservationId=5c6b6165-be9d-40dd-a47e-69cb2f518ffc, recipientEmail=driver@example.edu, spotCode=SPIKE-1028ade4, vehiclePlate=1AB 2345, startsAt=2026-09-14T20:01:55.687504Z, endsAt=2026-09-14T22:01:55.687504Z]
2026-09-14T12:01:55.722+02:00  INFO 19954 --- [park-reservation] [pool-3-thread-2] c.s.p.n.LoggingNotificationService       : NOTIFY ReservationNotification[event=RESERVATION_CONFIRMED, reservationId=25c44b19-5407-4b58-9adc-75716caa4f94, recipientEmail=driver@example.edu, spotCode=SPIKE-1028ade4, vehiclePlate=1AB 2345, startsAt=2026-09-14T20:31:55.687504Z, endsAt=2026-09-14T23:01:55.687504Z]
[SPIKE] concurrent confirms on spot SPIKE-1028ade4: accepted=2 rejected=0 -> OVERLAPPING CONFIRMED ROWS IN DB = 2 (1 = rule held, 2 = double booking)
[SPIKE] round trip OK: id=3bc118fc-8b6c-4dca-ad9a-2f3393b4fe44 status=DRAFT spot=SPIKE-53c5fd3d version=0
[INFO] Tests run: 4, Failures: 0, Errors: 0, Skipped: 0, Time elapsed: 7.767 s -- in C01 spike A: reservation -> real PostgreSQL -> read back
[INFO] 
[INFO] Results:
[INFO] 
[INFO] Tests run: 4, Failures: 0, Errors: 0, Skipped: 0
[INFO] 
[INFO] ------------------------------------------------------------------------
[INFO] BUILD SUCCESS
[INFO] ------------------------------------------------------------------------
[INFO] Total time:  10.182 s
[INFO] Finished at: 2026-09-14T12:01:55+02:00
[INFO] ------------------------------------------------------------------------
